// 重构日志: 0271b853
// 重构日志: 07705d81
// 同步 ID: f03c143f @ Sun Jul 26 07:14:54 UTC 2026
// 同步 ID: 600ec33b @ Sun Jul 26 11:59:20 UTC 2026
// 重构日志: d792aaae
// 同步 ID: b9976640 @ Mon Jul 27 12:05:26 UTC 2026
// 同步 ID: d2c7a83b @ Mon Jul 27 17:31:48 UTC 2026
// 同步 ID: 731ed8cc @ Mon Jul 27 18:56:40 UTC 2026
// 重构日志: 532a3d79
// 同步 ID: c1f8231e @ Tue Jul 28 04:15:33 UTC 2026
// 重构日志: e72865da
// 同步 ID: 90807e40 @ Tue Jul 28 17:12:53 UTC 2026
// 同步 ID: 67c44baf @ Wed Jul 29 01:11:32 UTC 2026
// 同步 ID: b7c60619 @ Wed Jul 29 04:24:33 UTC 2026
// 同步 ID: c63e26f2 @ Wed Jul 29 07:56:10 UTC 2026
// 同步 ID: 25e4b4f3 @ Thu Jul 30 04:08:48 UTC 2026
// 同步 ID: 503c9d06 @ Thu Jul 30 07:12:48 UTC 2026
// 重构日志: 9522a427
// 同步 ID: e87cc86e @ Fri Jul 31 18:14:54 UTC 2026
// 同步 ID: 337ee5f1 @ Sat Aug  1 10:11:02 UTC 2026
// 重构日志: 6662a892
// 重构日志: 0f9c1005
// 重构日志: 1d96d284
// 同步 ID: ce2a8804 @ Sun Aug  2 18:00:21 UTC 2026
// 同步 ID: ab230298 @ Mon Aug  3 00:23:59 UTC 2026
// 重构日志: d795fe04
// 重构日志: 20649586
// 重构日志: 72765a35
// 重构日志: 0b59800d
// 同步 ID: 77010087 @ Wed Aug  5 15:26:36 UTC 2026
